00:00 +0: loading C:/Users/MU3R4/VSCode Projects/hadventure/test/database/database_schema_test.dart
00:00 +0: C:/Users/MU3R4/VSCode Projects/hadventure/test/database/database_schema_test.dart: database schema (setUpAll)
Shell: [2026-03-24T21:39:54] ========== database schema START ==========
00:00 +0: C:/Users/MU3R4/VSCode Projects/hadventure/test/database/database_schema_test.dart: database schema declared Drift columns exist in sqlite tables
Shell: [2026-03-24T21:39:54] Γû╢ declared Drift columns exist in sqlite tables [START]
Shell: [2026-03-24T21:39:55] ΓêÜ declared Drift columns exist in sqlite tables [COMPLETE]
00:00 +1: C:/Users/MU3R4/VSCode Projects/hadventure/test/database/database_schema_test.dart: database schema itinerary table includes expected columns
Shell: [2026-03-24T21:39:55] Γû╢ itinerary table includes expected columns [START]
Shell: [2026-03-24T21:39:55] ΓêÜ itinerary table includes expected columns [COMPLETE]
00:00 +2: C:/Users/MU3R4/VSCode Projects/hadventure/test/database/database_schema_test.dart: database schema hotels table includes expected columns
Shell: [2026-03-24T21:39:55] Γû╢ hotels table includes expected columns [START]
Shell: [2026-03-24T21:39:55] ΓêÜ hotels table includes expected columns [COMPLETE]
00:00 +3: C:/Users/MU3R4/VSCode Projects/hadventure/test/database/database_schema_test.dart: database schema migration includes locations table
Shell: [2026-03-24T21:39:55] Γû╢ migration includes locations table [START]
Shell: [2026-03-24T21:39:55] ΓêÜ migration includes locations table [COMPLETE]
00:00 +4: C:/Users/MU3R4/VSCode Projects/hadventure/test/database/database_schema_test.dart: database schema can insert and retrieve trip data
Shell: [2026-03-24T21:39:55] Γû╢ can insert and retrieve trip data [START]
Shell: [2026-03-24T21:39:55] ΓêÜ can insert and retrieve trip data [COMPLETE]
00:00 +5: C:/Users/MU3R4/VSCode Projects/hadventure/test/database/database_schema_test.dart: database schema can insert and retrieve city data
Shell: [2026-03-24T21:39:55] Γû╢ can insert and retrieve city data [START]
Shell: [2026-03-24T21:39:55] ΓêÜ can insert and retrieve city data [COMPLETE]
00:00 +6: C:/Users/MU3R4/VSCode Projects/hadventure/test/database/database_schema_test.dart: database schema can insert and retrieve hotel bilingual fields
Shell: [2026-03-24T21:39:55] Γû╢ can insert and retrieve hotel bilingual fields [START]
Shell: [2026-03-24T21:39:55] ΓêÜ can insert and retrieve hotel bilingual fields [COMPLETE]
00:00 +7: C:/Users/MU3R4/VSCode Projects/hadventure/test/database/database_schema_test.dart: database schema can insert itinerary with optional foreign keys
Shell: [2026-03-24T21:39:55] Γû╢ can insert itinerary with optional foreign keys [START]
Shell: [2026-03-24T21:39:55] ΓêÜ can insert itinerary with optional foreign keys [COMPLETE]
00:00 +8: C:/Users/MU3R4/VSCode Projects/hadventure/test/database/database_schema_test.dart: database schema can insert itinerary with coordinates
Shell: [2026-03-24T21:39:55] Γû╢ can insert itinerary with coordinates [START]
Shell: [2026-03-24T21:39:55] ΓêÜ can insert itinerary with coordinates [COMPLETE]
00:00 +9: C:/Users/MU3R4/VSCode Projects/hadventure/test/database/database_schema_test.dart: database schema itinerary foreign keys are persisted correctly
Shell: [2026-03-24T21:39:55] Γû╢ itinerary foreign keys are persisted correctly [START]
Shell: [2026-03-24T21:39:55] ΓêÜ itinerary foreign keys are persisted correctly [COMPLETE]
00:00 +10: C:/Users/MU3R4/VSCode Projects/hadventure/test/database/database_schema_test.dart: database schema can insert and retrieve trip tips
Shell: [2026-03-24T21:39:55] Γû╢ can insert and retrieve trip tips [START]
Shell: [2026-03-24T21:39:55] ΓêÜ can insert and retrieve trip tips [COMPLETE]
00:00 +11: C:/Users/MU3R4/VSCode Projects/hadventure/test/database/database_schema_test.dart: database schema (tearDownAll)
00:00 +11: C:/Users/MU3R4/VSCode Projects/hadventure/test/database/database_zip_import_test.dart: database zip import fixture (setUpAll)
Shell: [2026-03-24T21:39:55] SETUP: creating AppDatabase.forTest()
00:00 +11: C:/Users/MU3R4/VSCode Projects/hadventure/test/database/database_zip_import_test.dart: database zip import fixture can import representative trip data from zip fixture
Shell: [2026-03-24T21:39:55] Γû╢ can import representative trip data from zip fixture [START]
Shell: [2026-03-24T21:39:55] test: import [creating ZipImportEngine]
Shell: [2026-03-24T21:39:55] test: import [resolving latest ZIP]
Shell: [2026-03-24T21:39:55] test: import [parsing ZIP file]
Shell: [2026-03-24T21:39:55] ENGINE: parseZipFile START: raw_zip\hadventure_china_2026.zip
Shell: [2026-03-24T21:39:55] ENGINE: parseZipFile [reading file bytes]
Shell: [2026-03-24T21:39:55] ENGINE: parseZipFile [read 19375 bytes]
Shell: [2026-03-24T21:39:55] ENGINE: parseZipFile [decoding ZIP archive]
Shell: [2026-03-24T21:39:55] ENGINE: parseZipFile [decoded, 7 entries]
Shell: [2026-03-24T21:39:55] ENGINE: parseZipFile [parsing archive]
Shell: [2026-03-24T21:39:55] ENGINE: parseZipFile [parsed, got 7 tables]
Shell: [2026-03-24T21:39:55] ENGINE: parseZipFile COMPLETE
Shell: [2026-03-24T21:39:55] test: import [ZIP parsed, got 7 tables]
Shell: [2026-03-24T21:39:55] test: import [calling importParsed]
Shell: [2026-03-24T21:39:55] ENGINE: importParsed START
Shell: [2026-03-24T21:39:55] ENGINE: importParsed [validating tables]
Shell: [2026-03-24T21:39:55] ENGINE: importParsed [checking dependencies]
Shell: [2026-03-24T21:39:55] ENGINE: importParsed [clearing old data from 12 tables]
Shell: [2026-03-24T21:39:55] ENGINE: importParsed [old data cleared]
Shell: [2026-03-24T21:39:55] ENGINE: importParsed [importing 7 tables in order]
Shell: [2026-03-24T21:39:55] ENGINE: importParsed [importing table: trips (1 rows)]
Shell: [2026-03-24T21:39:55] ENGINE: importParsed [table trips complete: 1 inserted, 0 rejected]
Shell: [2026-03-24T21:39:55] ENGINE: importParsed [importing table: cities (7 rows)]
Shell: [2026-03-24T21:39:55] ENGINE: importParsed [table cities complete: 7 inserted, 0 rejected]
Shell: [2026-03-24T21:39:55] ENGINE: importParsed [importing table: flights (2 rows)]
Shell: [2026-03-24T21:39:55] ENGINE: importParsed [table flights complete: 2 inserted, 0 rejected]
Shell: [2026-03-24T21:39:55] ENGINE: importParsed [importing table: trains (5 rows)]
Shell: [2026-03-24T21:39:55] ENGINE: importParsed [table trains complete: 5 inserted, 0 rejected]
Shell: [2026-03-24T21:39:55] ENGINE: importParsed [importing table: hotels (7 rows)]
Shell: [2026-03-24T21:39:55] ENGINE: importParsed [table hotels complete: 7 inserted, 0 rejected]
Shell: [2026-03-24T21:39:55] ENGINE: importParsed [importing table: itinerary (41 rows)]
Shell: [2026-03-24T21:39:55] ENGINE: importParsed [table itinerary complete: 41 inserted, 0 rejected]
Shell: [2026-03-24T21:39:55] ENGINE: importParsed [importing table: trip_tips (45 rows)]
Shell: [2026-03-24T21:39:55] ENGINE: importParsed [table trip_tips complete: 45 inserted, 0 rejected]
Shell: [2026-03-24T21:39:55] ENGINE: importParsed COMPLETE: 7 tables, 108 inserted, 0 rejected
Shell: [2026-03-24T21:39:55] test: import [importParsed complete, 7 tables]
Shell: [2026-03-24T21:39:55] test: import [querying all tables]
Shell: [2026-03-24T21:39:55] DATA: trips=1 cities=7 flights=2 itinerary=41
Shell: [2026-03-24T21:39:55] test: import [verifying sampled titles]
Shell: [2026-03-24T21:39:55] ΓêÜ can import representative trip data from zip fixture [COMPLETE]
00:00 +12: C:/Users/MU3R4/VSCode Projects/hadventure/test/database/database_zip_import_test.dart: database zip import fixture (tearDownAll)
Shell: [2026-03-24T21:39:55] TEARDOWN: closing database
00:00 +12: C:/Users/MU3R4/VSCode Projects/hadventure/test/data_screen_test.dart: data screen (setUpAll)
Shell: [2026-03-24T21:39:55] ========== data screen START ==========
Shell: [2026-03-24T21:39:55] SETUP: parsing latest import ZIP
Shell: [2026-03-24T21:39:55] ENGINE: parseZipFile START: raw_zip\hadventure_china_2026.zip
Shell: [2026-03-24T21:39:55] ENGINE: parseZipFile [reading file bytes]
Shell: [2026-03-24T21:39:55] ENGINE: parseZipFile [read 19375 bytes]
Shell: [2026-03-24T21:39:55] ENGINE: parseZipFile [decoding ZIP archive]
Shell: [2026-03-24T21:39:55] ENGINE: parseZipFile [decoded, 7 entries]
Shell: [2026-03-24T21:39:55] ENGINE: parseZipFile [parsing archive]
Shell: [2026-03-24T21:39:55] ENGINE: parseZipFile [parsed, got 7 tables]
Shell: [2026-03-24T21:39:55] ENGINE: parseZipFile COMPLETE
Shell: [2026-03-24T21:39:55] setUpAll [ZIP parsed, 7 tables]
00:00 +12: C:/Users/MU3R4/VSCode Projects/hadventure/test/data_screen_test.dart: data screen reset button clears imported data after confirmation
Shell: [2026-03-24T21:39:55] SETUP: creating test database
Shell: [2026-03-24T21:39:55] ========== import schema contract START ==========
Shell: [2026-03-24T21:39:55] Γû╢ normalizes raw headers deterministically [START]
Shell: [2026-03-24T21:39:55] ΓêÜ normalizes raw headers deterministically [COMPLETE]
00:00 +13: C:/Users/MU3R4/VSCode Projects/hadventure/test/data_screen_test.dart: data screen reset button clears imported data after confirmation
Shell: [2026-03-24T21:39:55] Γû╢ maps only canonical headers to canonical keys [START]
Shell: [2026-03-24T21:39:55] ΓêÜ maps only canonical headers to canonical keys [COMPLETE]
00:00 +14: C:/Users/MU3R4/VSCode Projects/hadventure/test/data_screen_test.dart: data screen reset button clears imported data after confirmation
Shell: [2026-03-24T21:39:55] Γû╢ required zip tables remain stable [START]
Shell: [2026-03-24T21:39:55] ΓêÜ required zip tables remain stable [COMPLETE]
00:00 +15: C:/Users/MU3R4/VSCode Projects/hadventure/test/data_screen_test.dart: data screen reset button clears imported data after confirmation
Shell: [2026-03-24T21:39:55] Γû╢ reset button clears imported data after confirmation [START]
Shell: [2026-03-24T21:39:55] test: reset [importing ZIP data]
Shell: [2026-03-24T21:39:55] ENGINE: importParsed START
Shell: [2026-03-24T21:39:55] ENGINE: importParsed [validating tables]
Shell: [2026-03-24T21:39:55] ENGINE: importParsed [checking dependencies]
Shell: [2026-03-24T21:39:55] ENGINE: importParsed [clearing old data from 12 tables]
Shell: [2026-03-24T21:39:55] ENGINE: importParsed [old data cleared]
Shell: [2026-03-24T21:39:55] ENGINE: importParsed [importing 7 tables in order]
Shell: [2026-03-24T21:39:55] ENGINE: importParsed [importing table: trips (1 rows)]
Shell: [2026-03-24T21:39:55] ENGINE: importParsed [table trips complete: 1 inserted, 0 rejected]
Shell: [2026-03-24T21:39:55] ENGINE: importParsed [importing table: cities (7 rows)]
Shell: [2026-03-24T21:39:55] ENGINE: importParsed [table cities complete: 7 inserted, 0 rejected]
Shell: [2026-03-24T21:39:55] ENGINE: importParsed [importing table: flights (2 rows)]
Shell: [2026-03-24T21:39:55] ENGINE: importParsed [table flights complete: 2 inserted, 0 rejected]
Shell: [2026-03-24T21:39:55] ENGINE: importParsed [importing table: trains (5 rows)]
Shell: [2026-03-24T21:39:55] ENGINE: importParsed [table trains complete: 5 inserted, 0 rejected]
Shell: [2026-03-24T21:39:55] ENGINE: importParsed [importing table: hotels (7 rows)]
Shell: [2026-03-24T21:39:55] ENGINE: importParsed [table hotels complete: 7 inserted, 0 rejected]
Shell: [2026-03-24T21:39:55] ENGINE: importParsed [importing table: itinerary (41 rows)]
Shell: [2026-03-24T21:39:55] ENGINE: importParsed [table itinerary complete: 41 inserted, 0 rejected]
Shell: [2026-03-24T21:39:55] ENGINE: importParsed [importing table: trip_tips (45 rows)]
Shell: [2026-03-24T21:39:55] ENGINE: importParsed [table trip_tips complete: 45 inserted, 0 rejected]
Shell: [2026-03-24T21:39:55] ENGINE: importParsed COMPLETE: 7 tables, 108 inserted, 0 rejected
Shell: [2026-03-24T21:39:55] test: reset [import complete, 108 rows inserted]
Shell: [2026-03-24T21:39:55] DATA: trips=1 cities=7 itinerary=41 hotels=7 flights=2 trains=5 trip_tips=45 packing_items=0 contacts=0 locations=0
Shell: [2026-03-24T21:39:55] test: reset [pumpWidget]
Shell: [2026-03-24T21:39:55] setUpAll: START
Shell: [2026-03-24T21:39:55] setUpAll [resolving latest ZIP]
Shell: [2026-03-24T21:39:55] setUpAll [reading ZIP bytes]
Shell: [2026-03-24T21:39:55] setUpAll [decoding ZIP archive]
Shell: [2026-03-24T21:39:55] setUpAll [ZIP decoded, 7 total files]
Shell: [2026-03-24T21:39:55] setUpAll [finding itinerary.csv entry]
Shell: [2026-03-24T21:39:55] setUpAll [parsing CSV from itinerary bytes]
Shell: [2026-03-24T21:39:56] setUpAll [CSV parsed, got 41 rows]
Shell: [2026-03-24T21:39:56] setUpAll: COMPLETE
00:01 +16: C:/Users/MU3R4/VSCode Projects/hadventure/test/data_screen_test.dart: data screen reset button clears imported data after confirmation
00:01 +17: C:/Users/MU3R4/VSCode Projects/hadventure/test/data_screen_test.dart: data screen reset button clears imported data after confirmation
00:01 +18: C:/Users/MU3R4/VSCode Projects/hadventure/test/data_screen_test.dart: data screen reset button clears imported data after confirmation
00:01 +19: C:/Users/MU3R4/VSCode Projects/hadventure/test/data_screen_test.dart: data screen reset button clears imported data after confirmation
Shell: [2026-03-24T21:39:56] testWidget: itinerary screen [START]
Shell: [2026-03-24T21:39:56] testWidget: itinerary screen [creating AppDatabase]
Shell: [2026-03-24T21:39:56] testWidget: itinerary screen [creating ZipImportEngine]
Shell: [2026-03-24T21:39:56] testWidget: itinerary screen [resolving latest ZIP]
Shell: [2026-03-24T21:39:56] testWidget: itinerary screen [parsing ZIP file]
Shell: [2026-03-24T21:39:56] ENGINE: parseZipFile START: raw_zip\hadventure_china_2026.zip
Shell: [2026-03-24T21:39:56] ENGINE: parseZipFile [reading file bytes]
Shell: [2026-03-24T21:39:56] ========== generated zip header contract START ==========
Shell: [2026-03-24T21:39:56] SETUP: loading ZIP archive
Shell: [2026-03-24T21:39:56] Γä╣ ZIP archive loaded successfully
Shell: [2026-03-24T21:39:56] Γû╢ hotels.csv uses generalized headers [START]
Shell: [2026-03-24T21:39:56] ΓêÜ hotels.csv uses generalized headers [COMPLETE]
00:01 +20: C:/Users/MU3R4/VSCode Projects/hadventure/test/data_screen_test.dart: data screen reset button clears imported data after confirmation
Shell: [2026-03-24T21:39:56] Γû╢ itinerary.csv uses generalized headers [START]
Shell: [2026-03-24T21:39:56] ΓêÜ itinerary.csv uses generalized headers [COMPLETE]
00:01 +21: C:/Users/MU3R4/VSCode Projects/hadventure/test/data_screen_test.dart: data screen reset button clears imported data after confirmation
Shell: [2026-03-24T21:39:56] test: reset [tapping reset button]
Shell: [2026-03-24T21:39:56] ========== zip required tables validation START ==========
Shell: [2026-03-24T21:39:56] Γû╢ fails when a required table is missing [START]
Shell: [2026-03-24T21:39:56] ΓêÜ fails when a required table is missing [COMPLETE]
00:01 +22: C:/Users/MU3R4/VSCode Projects/hadventure/test/data_screen_test.dart: data screen reset button clears imported data after confirmation
Shell: [2026-03-24T21:39:56] Γû╢ passes when all required tables are present [START]
Shell: [2026-03-24T21:39:56] ΓêÜ passes when all required tables are present [COMPLETE]
00:01 +23: C:/Users/MU3R4/VSCode Projects/hadventure/test/data_screen_test.dart: data screen reset button clears imported data after confirmation
Shell: [2026-03-24T21:39:56] Γû╢ help message text is exact [START]
Shell: [2026-03-24T21:39:56] ΓêÜ help message text is exact [COMPLETE]
00:01 +24: C:/Users/MU3R4/VSCode Projects/hadventure/test/data_screen_test.dart: data screen reset button clears imported data after confirmation
Shell: [2026-03-24T21:39:56] Γû╢ missing-files message is sorted and exact [START]
Shell: [2026-03-24T21:39:56] ΓêÜ missing-files message is sorted and exact [COMPLETE]
00:01 +25: C:/Users/MU3R4/VSCode Projects/hadventure/test/data_screen_test.dart: data screen reset button clears imported data after confirmation
Shell: [2026-03-24T21:39:56] test: reset [confirming reset]
Shell: [2026-03-24T21:39:56] test: reset [verifying all data cleared]
Shell: [2026-03-24T21:39:56] ΓêÜ reset button clears imported data after confirmation [COMPLETE]
Shell: [2026-03-24T21:39:56] TEARDOWN: closing test database
00:01 +26: C:/Users/MU3R4/VSCode Projects/hadventure/test/import_zip_content_test.dart: generated import ZIP content itinerary screen shows sampled entries after importer execution
Shell: [2026-03-24T21:39:56] ========== ZIP importer end-to-end START ==========
Shell: [2026-03-24T21:39:56] SETUP: creating AppDatabase
Shell: [2026-03-24T21:39:56] SETUP: creating ZipImportEngine
Shell: [2026-03-24T21:39:56] SETUP: resolving latest ZIP
Shell: [2026-03-24T21:39:56] SETUP: parsing ZIP file
Shell: [2026-03-24T21:39:56] ENGINE: parseZipFile START: raw_zip\hadventure_china_2026.zip
Shell: [2026-03-24T21:39:56] ENGINE: parseZipFile [reading file bytes]
Shell: [2026-03-24T21:39:56] ENGINE: parseZipFile [read 19375 bytes]
Shell: [2026-03-24T21:39:56] ENGINE: parseZipFile [decoding ZIP archive]
Shell: [2026-03-24T21:39:56] ENGINE: parseZipFile [decoded, 7 entries]
Shell: [2026-03-24T21:39:56] ENGINE: parseZipFile [parsing archive]
Shell: [2026-03-24T21:39:56] ENGINE: parseZipFile [parsed, got 7 tables]
Shell: [2026-03-24T21:39:56] ENGINE: parseZipFile COMPLETE
Shell: [2026-03-24T21:39:56] Γä╣ setUpAll complete
Shell: [2026-03-24T21:39:56] Γû╢ imports through the exact ZIP importer flow [START]
Shell: [2026-03-24T21:39:56] test: imports [calling importParsed]
Shell: [2026-03-24T21:39:56] ENGINE: importParsed START
Shell: [2026-03-24T21:39:56] ENGINE: importParsed [validating tables]
Shell: [2026-03-24T21:39:56] ENGINE: importParsed [checking dependencies]
Shell: [2026-03-24T21:39:56] ENGINE: importParsed [clearing old data from 12 tables]
Shell: [2026-03-24T21:39:56] ENGINE: importParsed [old data cleared]
Shell: [2026-03-24T21:39:56] ENGINE: importParsed [importing 7 tables in order]
Shell: [2026-03-24T21:39:56] ENGINE: importParsed [importing table: trips (1 rows)]
Shell: [2026-03-24T21:39:57] ENGINE: importParsed [table trips complete: 1 inserted, 0 rejected]
Shell: [2026-03-24T21:39:57] ENGINE: importParsed [importing table: cities (7 rows)]
Shell: [2026-03-24T21:39:57] ENGINE: importParsed [table cities complete: 7 inserted, 0 rejected]
Shell: [2026-03-24T21:39:57] ENGINE: importParsed [importing table: flights (2 rows)]
Shell: [2026-03-24T21:39:57] ENGINE: importParsed [table flights complete: 2 inserted, 0 rejected]
Shell: [2026-03-24T21:39:57] ENGINE: importParsed [importing table: trains (5 rows)]
Shell: [2026-03-24T21:39:57] ENGINE: importParsed [table trains complete: 5 inserted, 0 rejected]
Shell: [2026-03-24T21:39:57] ENGINE: importParsed [importing table: hotels (7 rows)]
Shell: [2026-03-24T21:39:57] ENGINE: importParsed [table hotels complete: 7 inserted, 0 rejected]
Shell: [2026-03-24T21:39:57] ENGINE: importParsed [importing table: itinerary (41 rows)]
Shell: [2026-03-24T21:39:57] ENGINE: importParsed [table itinerary complete: 41 inserted, 0 rejected]
Shell: [2026-03-24T21:39:57] ENGINE: importParsed [importing table: trip_tips (45 rows)]
Shell: [2026-03-24T21:39:57] ENGINE: importParsed [table trip_tips complete: 45 inserted, 0 rejected]
Shell: [2026-03-24T21:39:57] ENGINE: importParsed COMPLETE: 7 tables, 108 inserted, 0 rejected
Shell: [2026-03-24T21:39:57] test: imports [importParsed completed]
Shell: [2026-03-24T21:39:57] test: imports [querying itinerary from DB]
Shell: [2026-03-24T21:39:57] test: imports [DB query complete, count=41]
Shell: [2026-03-24T21:39:57] ΓêÜ imports through the exact ZIP importer flow [COMPLETE]
00:02 +27: C:/Users/MU3R4/VSCode Projects/hadventure/test/import_zip_content_test.dart: generated import ZIP content itinerary screen shows sampled entries after importer execution
Shell: [2026-03-24T21:39:57] Γû╢ sampled itinerary rows from ZIP are persisted [START]
Shell: [2026-03-24T21:39:57] test: sampled [creating localDb]
Shell: [2026-03-24T21:39:57] test: sampled [calling importParsed]
Shell: [2026-03-24T21:39:57] ENGINE: importParsed START
Shell: [2026-03-24T21:39:57] ENGINE: importParsed [validating tables]
Shell: [2026-03-24T21:39:57] ENGINE: importParsed [checking dependencies]
Shell: [2026-03-24T21:39:57] ENGINE: importParsed [clearing old data from 12 tables]
Shell: [2026-03-24T21:39:57] ENGINE: importParsed [old data cleared]
Shell: [2026-03-24T21:39:57] ENGINE: importParsed [importing 7 tables in order]
Shell: [2026-03-24T21:39:57] ENGINE: importParsed [importing table: trips (1 rows)]
Shell: [2026-03-24T21:39:57] ENGINE: importParsed [table trips complete: 1 inserted, 0 rejected]
Shell: [2026-03-24T21:39:57] ENGINE: importParsed [importing table: cities (7 rows)]
Shell: [2026-03-24T21:39:57] ENGINE: importParsed [table cities complete: 7 inserted, 0 rejected]
Shell: [2026-03-24T21:39:57] ENGINE: importParsed [importing table: flights (2 rows)]
Shell: [2026-03-24T21:39:57] ENGINE: importParsed [table flights complete: 2 inserted, 0 rejected]
Shell: [2026-03-24T21:39:57] ENGINE: importParsed [importing table: trains (5 rows)]
Shell: [2026-03-24T21:39:57] ENGINE: importParsed [table trains complete: 5 inserted, 0 rejected]
Shell: [2026-03-24T21:39:57] ENGINE: importParsed [importing table: hotels (7 rows)]
Shell: [2026-03-24T21:39:57] ENGINE: importParsed [table hotels complete: 7 inserted, 0 rejected]
Shell: [2026-03-24T21:39:57] ENGINE: importParsed [importing table: itinerary (41 rows)]
Shell: [2026-03-24T21:39:57] ENGINE: importParsed [table itinerary complete: 41 inserted, 0 rejected]
Shell: [2026-03-24T21:39:57] ENGINE: importParsed [importing table: trip_tips (45 rows)]
Shell: [2026-03-24T21:39:57] ENGINE: importParsed [table trip_tips complete: 45 inserted, 0 rejected]
Shell: [2026-03-24T21:39:57] ENGINE: importParsed COMPLETE: 7 tables, 108 inserted, 0 rejected
Shell: [2026-03-24T21:39:57] test: sampled [importParsed completed]
Shell: [2026-03-24T21:39:57] test: sampled [querying itinerary from localDb]
Shell: [2026-03-24T21:39:57] test: sampled [DB query complete, found 41 titles]
Shell: [2026-03-24T21:39:57] ΓêÜ sampled itinerary rows from ZIP are persisted [COMPLETE]
00:02 +27: C:/Users/MU3R4/VSCode Projects/hadventure/test/real_csv_import_test.dart: ZIP importer end-to-end sampled itinerary rows from ZIP are persisted
WARNING (drift): It looks like you've created the database class AppDatabase multiple times. When these two databases use the same QueryExecutor, race conditions will occur and might corrupt the database. 
Try to follow the advice at https://drift.simonbinder.eu/faq/#using-the-database or, if you know what you're doing, set driftRuntimeOptions.dontWarnAboutMultipleDatabases = true
Here is the stacktrace from when the database was opened a second time:
#0      GeneratedDatabase._handleInstantiated (package:drift/src/runtime/api/db_base.dart:96:30)
#1      GeneratedDatabase._whenConstructed (package:drift/src/runtime/api/db_base.dart:73:12)
#2      new GeneratedDatabase (package:drift/src/runtime/api/db_base.dart:64:5)
#3      new _$AppDatabase (package:hadventure/core/database/app_database.g.dart:8528:36)
#4      new AppDatabase._test (package:hadventure/core/database/app_database.dart)
#5      new AppDatabase.forTest (package:hadventure/core/database/app_database.dart:34:24)
#6      main.<anonymous closure>.<anonymous closure> (file:///C:/Users/MU3R4/VSCode%20Projects/hadventure/test/real_csv_import_test.dart:79:35)
#7      Declarer.test.<anonymous closure>.<anonymous closure> (package:test_api/src/backend/declarer.dart:253:25)
<asynchronous suspension>
#8      Declarer.test.<anonymous closure> (package:test_api/src/backend/declarer.dart:250:11)
<asynchronous suspension>
#9      Invoker._waitForOutstandingCallbacks.<anonymous closure> (package:test_api/src/backend/invoker.dart:318:9)
<asynchronous suspension>
This warning will only appear on debug builds.
00:02 +28: C:/Users/MU3R4/VSCode Projects/hadventure/test/import_zip_content_test.dart: generated import ZIP content itinerary screen shows sampled entries after importer execution
Shell: [2026-03-24T21:39:57] Γû╢ itinerary screen shows imported itinerary entries [START]
Shell: [2026-03-24T21:39:57] testWidget: itinerary screen [creating localDb]
Shell: [2026-03-24T21:39:57] testWidget: itinerary screen [calling importParsed]
Shell: [2026-03-24T21:39:57] ENGINE: importParsed START
Shell: [2026-03-24T21:39:57] ENGINE: importParsed [validating tables]
Shell: [2026-03-24T21:39:57] ENGINE: importParsed [checking dependencies]
Shell: [2026-03-24T21:39:57] ENGINE: importParsed [clearing old data from 12 tables]
Shell: [2026-03-24T21:39:57] ENGINE: importParsed [old data cleared]
Shell: [2026-03-24T21:39:57] ENGINE: importParsed [importing 7 tables in order]
Shell: [2026-03-24T21:39:57] ENGINE: importParsed [importing table: trips (1 rows)]
Shell: [2026-03-24T21:39:57] ENGINE: importParsed [table trips complete: 1 inserted, 0 rejected]
Shell: [2026-03-24T21:39:57] ENGINE: importParsed [importing table: cities (7 rows)]
Shell: [2026-03-24T21:39:57] ENGINE: importParsed [table cities complete: 7 inserted, 0 rejected]
Shell: [2026-03-24T21:39:57] ENGINE: importParsed [importing table: flights (2 rows)]
Shell: [2026-03-24T21:39:57] ENGINE: importParsed [table flights complete: 2 inserted, 0 rejected]
Shell: [2026-03-24T21:39:57] ENGINE: importParsed [importing table: trains (5 rows)]
Shell: [2026-03-24T21:39:57] ENGINE: importParsed [table trains complete: 5 inserted, 0 rejected]
Shell: [2026-03-24T21:39:57] ENGINE: importParsed [importing table: hotels (7 rows)]
Shell: [2026-03-24T21:39:57] ENGINE: importParsed [table hotels complete: 7 inserted, 0 rejected]
Shell: [2026-03-24T21:39:57] ENGINE: importParsed [importing table: itinerary (41 rows)]
Shell: [2026-03-24T21:39:57] ENGINE: importParsed [table itinerary complete: 41 inserted, 0 rejected]
Shell: [2026-03-24T21:39:57] ENGINE: importParsed [importing table: trip_tips (45 rows)]
Shell: [2026-03-24T21:39:57] ENGINE: importParsed [table trip_tips complete: 45 inserted, 0 rejected]
Shell: [2026-03-24T21:39:57] ENGINE: importParsed COMPLETE: 7 tables, 108 inserted, 0 rejected
Shell: [2026-03-24T21:39:57] testWidget: itinerary screen [importParsed completed]
Shell: [2026-03-24T21:39:57] testWidget: itinerary screen [pumpWidget (building widget tree)]
Shell: [2026-03-24T21:39:57] testWidget: itinerary screen [pumpWidget complete]
Shell: [2026-03-24T21:39:57] testWidget: itinerary screen [pumpAndSettle (waiting for animations)]
Shell: [2026-03-24T21:39:57] testWidget: itinerary screen [pumpAndSettle complete]
Shell: [2026-03-24T21:39:57] ΓêÜ itinerary screen shows imported itinerary entries [COMPLETE]
00:02 +28: C:/Users/MU3R4/VSCode Projects/hadventure/test/real_csv_import_test.dart: ZIP importer end-to-end itinerary screen shows imported itinerary entries
WARNING (drift): It looks like you've created the database class AppDatabase multiple times. When these two databases use the same QueryExecutor, race conditions will occur and might corrupt the database. 
Try to follow the advice at https://drift.simonbinder.eu/faq/#using-the-database or, if you know what you're doing, set driftRuntimeOptions.dontWarnAboutMultipleDatabases = true
Here is the stacktrace from when the database was opened a second time:
#0      GeneratedDatabase._handleInstantiated (package:drift/src/runtime/api/db_base.dart:96:30)
#1      GeneratedDatabase._whenConstructed (package:drift/src/runtime/api/db_base.dart:73:12)
#2      new GeneratedDatabase (package:drift/src/runtime/api/db_base.dart:64:5)
#3      new _$AppDatabase (package:hadventure/core/database/app_database.g.dart:8528:36)
#4      new AppDatabase._test (package:hadventure/core/database/app_database.dart)
#5      new AppDatabase.forTest (package:hadventure/core/database/app_database.dart:34:24)
#6      main.<anonymous closure>.<anonymous closure> (file:///C:/Users/MU3R4/VSCode%20Projects/hadventure/test/real_csv_import_test.dart:137:35)
#7      testWidgets.<anonymous closure>.<anonymous closure> (package:flutter_test/src/widget_tester.dart:192:29)
<asynchronous suspension>
#8      TestWidgetsFlutterBinding._runTestBody (package:flutter_test/src/binding.dart:1682:5)
<asynchronous suspension>
#9      StackZoneSpecification._registerCallback.<anonymous closure> (package:stack_trace/src/stack_zone_specification.dart:114:42)
<asynchronous suspension>
This warning will only appear on debug builds.
00:02 +29: C:/Users/MU3R4/VSCode Projects/hadventure/test/import_zip_content_test.dart: generated import ZIP content itinerary screen shows sampled entries after importer execution
Shell: [2026-03-24T21:39:57] TEARDOWN: closing database
Shell: [2026-03-24T21:39:57] ========== ZIP importer end-to-end COMPLETE ==========
